// Vitest Snapshot v1, https://vitest.dev/guide/snapshot.html

exports[`EditableContentTrigger > renders an edit button 1`] = `
<div>
  <a
    class="editable-content-trigger"
    href="/admin/cms_documents/new?cms_document[page]=myPage&cms_document[section]=mySection"
    target="_blank"
  >
    edit me
  </a>
</div>
`;
