// Jest Snapshot v1, https://goo.gl/fbAQLP

exports[`MauCheckboxField matches the snapshot 1`] = `
<div>
  <div
    class="boolean input optional"
  >
    <label
      for="the_name"
    >
      <input
        name="the_name"
        type="checkbox"
        value=""
      />
      The Label
    </label>
  </div>
</div>
`;
