// Vitest Snapshot v1, https://vitest.dev/guide/snapshot.html

exports[`MauCheckboxField > matches the snapshot 1`] = `
<div>
  <div
    class="boolean input optional"
  >
    <label
      for="the_name"
    >
      <input
        id="the_name"
        name="the_name"
        type="checkbox"
        value=""
      />
      <span>
        The Label
      </span>
    </label>
  </div>
</div>
`;
