// Vitest Snapshot v1, https://vitest.dev/guide/snapshot.html

exports[`Spinner > looks right (snapshot) 1`] = `
<div>
  <div
    class="mau-spinner"
    role="progressbar"
  >
    <div />
    <div />
    <div />
    <div />
    <div />
    <div />
    <div />
    <div />
    <div />
    <div />
    <div />
    <div />
  </div>
</div>
`;
