// Jest Snapshot v1, https://goo.gl/fbAQLP

exports[`Spinner looks right (snapshot) 1`] = `
<div>
  <div
    class="mau-spinner"
    role="progressbar"
  >
    <div />
    <div />
    <div />
    <div />
    <div />
    <div />
    <div />
    <div />
    <div />
    <div />
    <div />
    <div />
  </div>
</div>
`;
